../Core/Src/lib_DATA.c:43:6:BNO055_Init	40	static
../Core/Src/lib_DATA.c:59:6:BNO055_Read_Euler_Angles	40	static
../Core/Src/lib_DATA.c:71:6:calculateQuaternion	104	static
../Core/Src/lib_DATA.c:88:6:readBNO055	48	static
../Core/Src/lib_DATA.c:132:6:sendJointState	104	static
../Core/Src/lib_DATA.c:147:6:UART_ReceiveString	16	static
../Core/Src/lib_DATA.c:159:6:ReadFourFloats	48	static
../Core/Src/lib_DATA.c:278:7:moving_average_filter1	24	static
../Core/Src/lib_DATA.c:285:7:calculate_pwm1	8	static
../Core/Src/lib_DATA.c:293:7:PID_Controller1	0	static
../Core/Src/lib_DATA.c:321:6:calculateVel1	72	static
../Core/Src/lib_DATA.c:466:7:moving_average_filter2	24	static
../Core/Src/lib_DATA.c:473:7:calculate_pwm2	0	static
../Core/Src/lib_DATA.c:481:7:PID_Controller2	0	static
../Core/Src/lib_DATA.c:509:6:calculateVel2	72	static
../Core/Src/lib_DATA.c:657:7:moving_average_filter3	24	static
../Core/Src/lib_DATA.c:664:7:calculate_pwm3	0	static
../Core/Src/lib_DATA.c:672:7:PID_Controller3	0	static
../Core/Src/lib_DATA.c:700:6:calculateVel3	72	static
../Core/Src/lib_DATA.c:847:7:moving_average_filter4	24	static
../Core/Src/lib_DATA.c:854:7:calculate_pwm4	0	static
../Core/Src/lib_DATA.c:862:7:PID_Controller4	0	static
../Core/Src/lib_DATA.c:890:6:calculateVel4	72	static
../Core/Src/lib_DATA.c:1017:7:PID_ControllerX	0	static
../Core/Src/lib_DATA.c:1042:7:PID_ControllerY	0	static
../Core/Src/lib_DATA.c:1066:7:PID_ControllerZ	0	static
../Core/Src/lib_DATA.c:1095:6:Forward_kinematic_car	0	static
../Core/Src/lib_DATA.c:1113:6:Inverse_kinematic_car	0	static
../Core/Src/lib_DATA.c:1125:6:motor	24	static
