../Core/Src/lib_DATA.c:48:6:sendJointState	352	static
../Core/Src/lib_DATA.c:93:6:UART_ReceiveString	16	static
../Core/Src/lib_DATA.c:107:6:ReadFourFloats	56	static
../Core/Src/lib_DATA.c:228:6:resetDataSend	8	static
../Core/Src/lib_DATA.c:243:6:SR	8	static
../Core/Src/lib_DATA.c:307:7:moving_average_filter1	24	static
../Core/Src/lib_DATA.c:314:7:calculate_pwm1	8	static
../Core/Src/lib_DATA.c:322:7:PID_Controller1	0	static
../Core/Src/lib_DATA.c:350:6:calculateVel1	72	static
../Core/Src/lib_DATA.c:493:7:moving_average_filter2	24	static
../Core/Src/lib_DATA.c:500:7:calculate_pwm2	0	static
../Core/Src/lib_DATA.c:508:7:PID_Controller2	0	static
../Core/Src/lib_DATA.c:536:6:calculateVel2	72	static
../Core/Src/lib_DATA.c:679:7:moving_average_filter3	24	static
../Core/Src/lib_DATA.c:686:7:calculate_pwm3	0	static
../Core/Src/lib_DATA.c:694:7:PID_Controller3	0	static
../Core/Src/lib_DATA.c:722:6:calculateVel3	72	static
../Core/Src/lib_DATA.c:865:7:moving_average_filter4	24	static
../Core/Src/lib_DATA.c:872:7:calculate_pwm4	0	static
../Core/Src/lib_DATA.c:880:7:PID_Controller4	0	static
../Core/Src/lib_DATA.c:908:6:calculateVel4	72	static
../Core/Src/lib_DATA.c:1023:6:motor	24	static
