../Core/Src/lib_MOTOR.c:39:6:Motor_Init	8	static
../Core/Src/lib_MOTOR.c:54:6:Motor_Control1	0	static
../Core/Src/lib_MOTOR.c:73:6:Motor_Control2	0	static
../Core/Src/lib_MOTOR.c:88:6:Motor_Control3	0	static
../Core/Src/lib_MOTOR.c:104:6:Motor_Control4	0	static
../Core/Src/lib_MOTOR.c:120:6:standardMode	8	static
../Core/Src/lib_MOTOR.c:150:6:diagonalMode	8	static
../Core/Src/lib_MOTOR.c:180:6:pivotMode	8	static
../Core/Src/lib_MOTOR.c:210:6:pivotSidewayMode	8	static
../Core/Src/lib_MOTOR.c:240:6:rotateMode	8	static
../Core/Src/lib_MOTOR.c:256:6:stopMode	8	static
../Core/Src/lib_MOTOR.c:266:6:Encoder_Init	8	static
../Core/Src/lib_MOTOR.c:272:9:Read_Encoder1	0	static
../Core/Src/lib_MOTOR.c:275:6:Reset_Encoder1	0	static
../Core/Src/lib_MOTOR.c:278:9:Read_Encoder2	0	static
../Core/Src/lib_MOTOR.c:281:6:Reset_Encoder2	0	static
../Core/Src/lib_MOTOR.c:284:9:Read_Encoder3	0	static
../Core/Src/lib_MOTOR.c:287:6:Reset_Encoder3	0	static
../Core/Src/lib_MOTOR.c:290:9:Read_Encoder4	0	static
../Core/Src/lib_MOTOR.c:293:6:Reset_Encoder4	0	static
../Core/Src/lib_MOTOR.c:297:6:readEncoder	0	static
