../Core/Src/lib_DATA.c:62:6:BNO055_Init	40	static
../Core/Src/lib_DATA.c:76:6:BNO055_Read_Euler_Angles	40	static
../Core/Src/lib_DATA.c:86:6:calculateQuaternion	104	static
../Core/Src/lib_DATA.c:99:6:readBNO055	48	static
../Core/Src/lib_DATA.c:145:6:sendJointState	120	static
../Core/Src/lib_DATA.c:226:6:UART_ReceiveString	16	static
../Core/Src/lib_DATA.c:240:6:ReadFourFloats	56	static
../Core/Src/lib_DATA.c:361:6:resetDataSend	8	static
../Core/Src/lib_DATA.c:440:7:moving_average_filter1	24	static
../Core/Src/lib_DATA.c:447:7:calculate_pwm1	8	static
../Core/Src/lib_DATA.c:455:7:PID_Controller1	0	static
../Core/Src/lib_DATA.c:483:6:calculateVel1	72	static
../Core/Src/lib_DATA.c:631:7:moving_average_filter2	24	static
../Core/Src/lib_DATA.c:638:7:calculate_pwm2	0	static
../Core/Src/lib_DATA.c:646:7:PID_Controller2	0	static
../Core/Src/lib_DATA.c:674:6:calculateVel2	72	static
../Core/Src/lib_DATA.c:822:7:moving_average_filter3	24	static
../Core/Src/lib_DATA.c:829:7:calculate_pwm3	0	static
../Core/Src/lib_DATA.c:837:7:PID_Controller3	0	static
../Core/Src/lib_DATA.c:865:6:calculateVel3	72	static
../Core/Src/lib_DATA.c:1013:7:moving_average_filter4	24	static
../Core/Src/lib_DATA.c:1020:7:calculate_pwm4	0	static
../Core/Src/lib_DATA.c:1028:7:PID_Controller4	0	static
../Core/Src/lib_DATA.c:1056:6:calculateVel4	72	static
../Core/Src/lib_DATA.c:1173:6:motor	24	static
