../Core/Src/stm32f4xx_hal_msp.c:65:6:HAL_MspInit	8	static
../Core/Src/stm32f4xx_hal_msp.c:88:6:HAL_TIM_Encoder_MspInit	64	static
../Core/Src/stm32f4xx_hal_msp.c:196:6:HAL_TIM_Base_MspInit	16	static
../Core/Src/stm32f4xx_hal_msp.c:245:6:HAL_TIM_MspPostInit	48	static
../Core/Src/stm32f4xx_hal_msp.c:343:6:HAL_TIM_Encoder_MspDeInit	0	static
../Core/Src/stm32f4xx_hal_msp.c:426:6:HAL_TIM_Base_MspDeInit	0	static
../Core/Src/stm32f4xx_hal_msp.c:481:6:HAL_UART_MspInit	40	static
../Core/Src/stm32f4xx_hal_msp.c:518:6:HAL_UART_MspDeInit	0	static
