../Core/Src/lib_DATA.c:44:6:BNO055_Init	40	static
../Core/Src/lib_DATA.c:60:6:BNO055_Read_Euler_Angles	48	static
../Core/Src/lib_DATA.c:72:6:calculateQuaternion	56	static
../Core/Src/lib_DATA.c:89:6:readBNO055	16	static
../Core/Src/lib_DATA.c:137:6:sendJointState	80	static
../Core/Src/lib_DATA.c:152:6:UART_ReceiveString	16	static
../Core/Src/lib_DATA.c:164:6:ReadFourFloats	56	static
../Core/Src/lib_DATA.c:283:7:moving_average_filter1	24	static
../Core/Src/lib_DATA.c:290:7:calculate_pwm1	16	static
../Core/Src/lib_DATA.c:298:7:PID_Controller1	56	static
../Core/Src/lib_DATA.c:326:6:calculateVel1	48	static
../Core/Src/lib_DATA.c:474:7:moving_average_filter2	24	static
../Core/Src/lib_DATA.c:481:7:calculate_pwm2	16	static
../Core/Src/lib_DATA.c:489:7:PID_Controller2	56	static
../Core/Src/lib_DATA.c:517:6:calculateVel2	48	static
../Core/Src/lib_DATA.c:665:7:moving_average_filter3	24	static
../Core/Src/lib_DATA.c:672:7:calculate_pwm3	16	static
../Core/Src/lib_DATA.c:680:7:PID_Controller3	56	static
../Core/Src/lib_DATA.c:708:6:calculateVel3	48	static
../Core/Src/lib_DATA.c:855:7:moving_average_filter4	24	static
../Core/Src/lib_DATA.c:862:7:calculate_pwm4	16	static
../Core/Src/lib_DATA.c:870:7:PID_Controller4	56	static
../Core/Src/lib_DATA.c:898:6:calculateVel4	48	static
../Core/Src/lib_DATA.c:1019:6:Forward_kinematic_car	24	static
../Core/Src/lib_DATA.c:1033:6:Inverse_kinematic_car	24	static
../Core/Src/lib_DATA.c:1045:6:motor	8	static
