../Core/Src/lib_DATA.c:36:6:sendJointState	416	static
../Core/Src/lib_DATA.c:79:6:UART_ReceiveString	16	static
../Core/Src/lib_DATA.c:93:6:ReadFourFloats	56	static
../Core/Src/lib_DATA.c:210:6:resetDataSend	8	static
../Core/Src/lib_DATA.c:225:6:SR	8	static
../Core/Src/lib_DATA.c:342:7:moving_average_filter	24	static
../Core/Src/lib_DATA.c:354:7:calculate_pwm	16	static
../Core/Src/lib_DATA.c:362:7:PID_Controller	56	static
../Core/Src/lib_DATA.c:387:6:calculateVel1	48	static
../Core/Src/lib_DATA.c:479:6:motor	8	static
