../Core/Src/lib_DATA.c:34:6:sendJointState	48	static
../Core/Src/lib_DATA.c:69:6:UART_ReceiveString	16	static
../Core/Src/lib_DATA.c:83:6:ReadFourFloats	40	static
../Core/Src/lib_DATA.c:188:6:resetDataSend	8	static
../Core/Src/lib_DATA.c:203:6:SR	8	static
../Core/Src/lib_DATA.c:338:7:moving_average_filter	24	static
../Core/Src/lib_DATA.c:350:7:calculate_pwm	16	static
../Core/Src/lib_DATA.c:361:7:PID_Controller	56	static
../Core/Src/lib_DATA.c:383:6:calculateVel1	56	static
../Core/Src/lib_DATA.c:477:6:motor	8	static
