../Core/Src/lib_DATA.c:47:6:sendJointState	416	static
../Core/Src/lib_DATA.c:89:6:UART_ReceiveString	16	static
../Core/Src/lib_DATA.c:103:6:ReadFourFloats	56	static
../Core/Src/lib_DATA.c:220:6:resetDataSend	8	static
../Core/Src/lib_DATA.c:235:6:SR	8	static
../Core/Src/lib_DATA.c:354:7:moving_average_filter1	24	static
../Core/Src/lib_DATA.c:361:7:calculate_pwm1	16	static
../Core/Src/lib_DATA.c:369:7:PID_Controller1	56	static
../Core/Src/lib_DATA.c:397:6:calculateVel1	48	static
../Core/Src/lib_DATA.c:533:7:moving_average_filter2	24	static
../Core/Src/lib_DATA.c:540:7:calculate_pwm2	16	static
../Core/Src/lib_DATA.c:548:7:PID_Controller2	56	static
../Core/Src/lib_DATA.c:575:6:calculateVel2	48	static
../Core/Src/lib_DATA.c:711:7:moving_average_filter3	24	static
../Core/Src/lib_DATA.c:718:7:calculate_pwm3	16	static
../Core/Src/lib_DATA.c:726:7:PID_Controller3	56	static
../Core/Src/lib_DATA.c:754:6:calculateVel3	48	static
../Core/Src/lib_DATA.c:890:7:moving_average_filter4	24	static
../Core/Src/lib_DATA.c:897:7:calculate_pwm4	16	static
../Core/Src/lib_DATA.c:905:7:PID_Controller4	56	static
../Core/Src/lib_DATA.c:933:6:calculateVel4	48	static
../Core/Src/lib_DATA.c:1037:6:motor	8	static
