../Core/Src/lib_MOTOR.c:46:6:Motor_Init	8	static
../Core/Src/lib_MOTOR.c:61:6:Motor_Control1	16	static
../Core/Src/lib_MOTOR.c:80:6:Motor_Control2	16	static
../Core/Src/lib_MOTOR.c:95:6:Motor_Control3	16	static
../Core/Src/lib_MOTOR.c:110:6:Motor_Control4	16	static
../Core/Src/lib_MOTOR.c:126:6:standardMode	16	static
../Core/Src/lib_MOTOR.c:156:6:diagonalMode	16	static
../Core/Src/lib_MOTOR.c:186:6:pivotMode	16	static
../Core/Src/lib_MOTOR.c:216:6:pivotSidewayMode	16	static
../Core/Src/lib_MOTOR.c:246:6:rotateMode	16	static
../Core/Src/lib_MOTOR.c:262:6:stopMode	8	static
../Core/Src/lib_MOTOR.c:276:6:Encoder_Init	8	static
../Core/Src/lib_MOTOR.c:282:9:Read_Encoder1	4	static
../Core/Src/lib_MOTOR.c:285:6:Reset_Encoder1	4	static
../Core/Src/lib_MOTOR.c:288:9:Read_Encoder2	4	static
../Core/Src/lib_MOTOR.c:291:6:Reset_Encoder2	4	static
../Core/Src/lib_MOTOR.c:294:9:Read_Encoder3	4	static
../Core/Src/lib_MOTOR.c:297:6:Reset_Encoder3	4	static
../Core/Src/lib_MOTOR.c:300:9:Read_Encoder4	4	static
../Core/Src/lib_MOTOR.c:303:6:Reset_Encoder4	4	static
../Core/Src/lib_MOTOR.c:307:6:readEncoder	8	static
../Core/Src/lib_MOTOR.c:344:6:Read_Encoder_Speed	16	static
../Core/Src/lib_MOTOR.c:354:7:Calculate_RPM	24	static
../Core/Src/lib_MOTOR.c:361:6:Set_PWM_Duty_Cycle	16	static
../Core/Src/lib_MOTOR.c:365:6:run	32	static
