../Core/Src/lib_MOTOR.c:46:6:Motor_Init	8	static
../Core/Src/lib_MOTOR.c:61:6:Motor_Control1	16	static
../Core/Src/lib_MOTOR.c:80:6:Motor_Control2	16	static
../Core/Src/lib_MOTOR.c:95:6:Motor_Control3	16	static
../Core/Src/lib_MOTOR.c:110:6:Motor_Control4	16	static
../Core/Src/lib_MOTOR.c:126:6:standardMode	16	static
../Core/Src/lib_MOTOR.c:156:6:diagonalMode	16	static
../Core/Src/lib_MOTOR.c:186:6:pivotMode	16	static
../Core/Src/lib_MOTOR.c:216:6:pivotSidewayMode	16	static
../Core/Src/lib_MOTOR.c:246:6:rotateMode	16	static
../Core/Src/lib_MOTOR.c:262:6:stopMode	8	static
../Core/Src/lib_MOTOR.c:270:6:RESET_ALL	8	static
../Core/Src/lib_MOTOR.c:286:6:Encoder_Init	8	static
../Core/Src/lib_MOTOR.c:292:9:Read_Encoder1	4	static
../Core/Src/lib_MOTOR.c:295:6:Reset_Encoder1	4	static
../Core/Src/lib_MOTOR.c:298:9:Read_Encoder2	4	static
../Core/Src/lib_MOTOR.c:301:6:Reset_Encoder2	4	static
../Core/Src/lib_MOTOR.c:304:9:Read_Encoder3	4	static
../Core/Src/lib_MOTOR.c:307:6:Reset_Encoder3	4	static
../Core/Src/lib_MOTOR.c:310:9:Read_Encoder4	4	static
../Core/Src/lib_MOTOR.c:313:6:Reset_Encoder4	4	static
../Core/Src/lib_MOTOR.c:317:6:readEncoder	8	static
../Core/Src/lib_MOTOR.c:378:6:controlMotor	64	static
../Core/Src/lib_MOTOR.c:428:7:read	32	static
