../Core/Src/lib_MOTOR.c:41:6:Motor_Init	8	static
../Core/Src/lib_MOTOR.c:56:6:Motor_Control1	16	static
../Core/Src/lib_MOTOR.c:75:6:Motor_Control2	16	static
../Core/Src/lib_MOTOR.c:90:6:Motor_Control3	16	static
../Core/Src/lib_MOTOR.c:105:6:Motor_Control4	16	static
../Core/Src/lib_MOTOR.c:121:6:standardMode	16	static
../Core/Src/lib_MOTOR.c:151:6:diagonalMode	16	static
../Core/Src/lib_MOTOR.c:181:6:pivotMode	16	static
../Core/Src/lib_MOTOR.c:211:6:pivotSidewayMode	16	static
../Core/Src/lib_MOTOR.c:241:6:rotateMode	16	static
../Core/Src/lib_MOTOR.c:257:6:stopMode	8	static
../Core/Src/lib_MOTOR.c:265:6:RESET_ALL	8	static
../Core/Src/lib_MOTOR.c:279:6:Encoder_Init	8	static
../Core/Src/lib_MOTOR.c:285:9:Read_Encoder1	4	static
../Core/Src/lib_MOTOR.c:288:6:Reset_Encoder1	4	static
../Core/Src/lib_MOTOR.c:291:9:Read_Encoder2	4	static
../Core/Src/lib_MOTOR.c:294:6:Reset_Encoder2	4	static
../Core/Src/lib_MOTOR.c:297:9:Read_Encoder3	4	static
../Core/Src/lib_MOTOR.c:300:6:Reset_Encoder3	4	static
../Core/Src/lib_MOTOR.c:303:9:Read_Encoder4	4	static
../Core/Src/lib_MOTOR.c:306:6:Reset_Encoder4	4	static
../Core/Src/lib_MOTOR.c:310:6:readEncoder	8	static
