../Core/Src/lib_DATA.c:43:6:BNO055_Init	40	static
../Core/Src/lib_DATA.c:59:6:BNO055_Read_Euler_Angles	48	static
../Core/Src/lib_DATA.c:71:6:calculateQuaternion	56	static
../Core/Src/lib_DATA.c:88:6:readBNO055	16	static
../Core/Src/lib_DATA.c:136:6:sendJointState	80	static
../Core/Src/lib_DATA.c:151:6:UART_ReceiveString	16	static
../Core/Src/lib_DATA.c:163:6:ReadFourFloats	56	static
../Core/Src/lib_DATA.c:282:7:moving_average_filter1	24	static
../Core/Src/lib_DATA.c:289:7:calculate_pwm1	16	static
../Core/Src/lib_DATA.c:297:7:PID_Controller1	56	static
../Core/Src/lib_DATA.c:325:6:calculateVel1	48	static
../Core/Src/lib_DATA.c:470:7:moving_average_filter2	24	static
../Core/Src/lib_DATA.c:477:7:calculate_pwm2	16	static
../Core/Src/lib_DATA.c:485:7:PID_Controller2	56	static
../Core/Src/lib_DATA.c:513:6:calculateVel2	48	static
../Core/Src/lib_DATA.c:661:7:moving_average_filter3	24	static
../Core/Src/lib_DATA.c:668:7:calculate_pwm3	16	static
../Core/Src/lib_DATA.c:676:7:PID_Controller3	56	static
../Core/Src/lib_DATA.c:704:6:calculateVel3	48	static
../Core/Src/lib_DATA.c:851:7:moving_average_filter4	24	static
../Core/Src/lib_DATA.c:858:7:calculate_pwm4	16	static
../Core/Src/lib_DATA.c:866:7:PID_Controller4	56	static
../Core/Src/lib_DATA.c:894:6:calculateVel4	48	static
../Core/Src/lib_DATA.c:1021:7:PID_ControllerX	56	static
../Core/Src/lib_DATA.c:1046:7:PID_ControllerY	56	static
../Core/Src/lib_DATA.c:1070:7:PID_ControllerZ	56	static
../Core/Src/lib_DATA.c:1099:6:Forward_kinematic_car	24	static
../Core/Src/lib_DATA.c:1117:6:Inverse_kinematic_car	24	static
../Core/Src/lib_DATA.c:1132:6:motor	8	static
